✅ Environment variables loaded from .env.local
🚀 開始執行 5 輪測試

✅ 使用網站: Test Website


============================================================
🔄 第 1 輪測試 (關鍵字: AI content generation)
============================================================


❌ 第 1 輪測試失敗: Failed to create job: new row for relation "article_jobs" violates check constraint "article_jobs_status_check"

⏳ 等待 5 秒後進行下一輪測試...

============================================================
🔄 第 2 輪測試 (關鍵字: machine learning automation)
============================================================


❌ 第 2 輪測試失敗: Failed to create job: new row for relation "article_jobs" violates check constraint "article_jobs_status_check"

⏳ 等待 5 秒後進行下一輪測試...

============================================================
🔄 第 3 輪測試 (關鍵字: content marketing strategy)
============================================================


❌ 第 3 輪測試失敗: Failed to create job: new row for relation "article_jobs" violates check constraint "article_jobs_status_check"

⏳ 等待 5 秒後進行下一輪測試...
